Command: E:\Espressif\tools\python\v5.5.4\venv\Scripts\python.exe E:\esp\v5.5.4\esp-idf\tools/idf_monitor.py -p COM12 -b 115200 --toolchain-prefix xtensa-esp32s3-elf- --target esp32s3 --revision 0 E:\ncs_workspace\Ai_voice_project\build\Ai_voice_project.elf E:\ncs_workspace\Ai_voice_project\build\bootloader\bootloader.elf --force-color -m 'E:\Espressif\tools\python\v5.5.4\venv\Scripts\python.exe' 'E:\esp\v5.5.4\esp-idf\tools\idf.py'
ESP-ROM:esp32s3-20210327
Build:Mar 27 2021
rst:0x1 (POWERON),boot:0x2b (SPI_FAST_FLASH_BOOT)
SPIWP:0xee
mode:DIO, clock div:1
load:0x3fce2820,len:0x14f0
load:0x403c8700,len:0xd24
load:0x403cb700,len:0x2ef0
entry 0x403c8924
[0;32mI (24) boot: ESP-IDF v5.5.4 2nd stage bootloader[0m
[0;32mI (25) boot: compile time Jul  6 2026 16:12:16[0m
[0;32mI (25) boot: Multicore bootloader[0m
[0;32mI (25) boot: chip revision: v0.1[0m
[0;32mI (28) boot: efuse block revision: v1.2[0m
[0;32mI (31) boot.esp32s3: Boot SPI Speed : 80MHz[0m
[0;32mI (35) boot.esp32s3: SPI Mode       : DIO[0m
[0;32mI (39) boot.esp32s3: SPI Flash Size : 16MB[0m
[0;32mI (43) boot: Enabling RNG early entropy source...[0m
[0;32mI (47) boot: Partition Table:[0m
[0;32mI (50) boot: ## Label            Usage          Type ST Offset   Length[0m
[0;32mI (56) boot:  0 nvs              WiFi data        01 02 00009000 00006000[0m
[0;32mI (63) boot:  1 phy_init         RF data          01 01 0000f000 00001000[0m
[0;32mI (69) boot:  2 factory          factory app      00 00 00010000 00400000[0m
[0;32mI (76) boot:  3 model            Unknown data     01 82 00410000 00800000[0m
[0;32mI (82) boot: End of partition table[0m
[0;32mI (86) esp_image: segment 0: paddr=00010020 vaddr=3c080020 size=16324h ( 90916) map[0m
[0;32mI (109) esp_image: segment 1: paddr=0002634c vaddr=3fc95c00 size=057f0h ( 22512) load[0m
[0;32mI (114) esp_image: segment 2: paddr=0002bb44 vaddr=40374000 size=044d4h ( 17620) load[0m
[0;32mI (118) esp_image: segment 3: paddr=00030020 vaddr=42000020 size=774fch (488700) map[0m
[0;32mI (207) esp_image: segment 4: paddr=000a7524 vaddr=403784d4 size=0d6a8h ( 54952) load[0m
[0;32mI (219) esp_image: segment 5: paddr=000b4bd4 vaddr=50000000 size=00020h (    32) load[0m
[0;32mI (227) boot: Loaded app from partition at offset 0x10000[0m
[0;32mI (227) boot: Disabling RNG early entropy source...[0m
[0;32mI (237) octal_psram: vendor id    : 0x0d (AP)[0m
[0;32mI (237) octal_psram: dev id       : 0x02 (generation 3)[0m
[0;32mI (237) octal_psram: density      : 0x03 (64 Mbit)[0m
[0;32mI (239) octal_psram: good-die     : 0x01 (Pass)[0m
[0;32mI (243) octal_psram: Latency      : 0x01 (Fixed)[0m
[0;32mI (248) octal_psram: VCC          : 0x01 (3V)[0m
[0;32mI (252) octal_psram: SRF          : 0x01 (Fast Refresh)[0m
[0;32mI (257) octal_psram: BurstType    : 0x01 (Hybrid Wrap)[0m
[0;32mI (262) octal_psram: BurstLen     : 0x01 (32 Byte)[0m
[0;32mI (266) octal_psram: Readlatency  : 0x02 (10 cycles@Fixed)[0m
[0;32mI (271) octal_psram: DriveStrength: 0x00 (1/1)[0m
[0;32mI (275) MSPI Timing: Enter psram timing tuning[0m
[0;32mI (280) esp_psram: Found 8MB PSRAM device[0m
[0;32mI (283) esp_psram: Speed: 80MHz[0m
[0;32mI (286) cpu_start: Multicore app[0m
[0;32mI (722) esp_psram: SPI SRAM memory test OK[0m
[0;32mI (731) cpu_start: GPIO 44 and 43 are used as console UART I/O pins[0m
[0;32mI (732) cpu_start: Pro cpu start user code[0m
[0;32mI (732) cpu_start: cpu freq: 160000000 Hz[0m
[0;32mI (733) app_init: Application information:[0m
[0;32mI (737) app_init: Project name:     Ai_voice_project[0m
[0;32mI (742) app_init: App version:      1[0m
[0;32mI (745) app_init: Compile time:     Jul  6 2026 16:11:21[0m
[0;32mI (750) app_init: ELF file SHA256:  5bcda4f4f...[0m
[0;32mI (754) app_init: ESP-IDF:          v5.5.4[0m
[0;32mI (758) efuse_init: Min chip rev:     v0.0[0m
[0;32mI (762) efuse_init: Max chip rev:     v0.99 [0m
[0;32mI (766) efuse_init: Chip rev:         v0.1[0m
[0;32mI (770) heap_init: Initializing. RAM available for dynamic allocation:[0m
[0;32mI (776) heap_init: At 3FC9BF60 len 0004D7B0 (309 KiB): RAM[0m
[0;32mI (781) heap_init: At 3FCE9710 len 00005724 (21 KiB): RAM[0m
[0;32mI (786) heap_init: At 3FCF0000 len 00008000 (32 KiB): DRAM[0m
[0;32mI (792) heap_init: At 600FE000 len 00001FE8 (7 KiB): RTCRAM[0m
[0;32mI (797) esp_psram: Adding pool of 8192K of PSRAM memory to heap allocator[0m
[0;32mI (804) spi_flash: detected chip: gd[0m
[0;32mI (807) spi_flash: flash io: dio[0m
[0;32mI (810) sleep_gpio: Configure to isolate all GPIO pins in sleep state[0m
[0;32mI (816) sleep_gpio: Enable automatic switching of GPIO sleep configuration[0m
[0;32mI (823) main_task: Started on CPU0[0m
[0;32mI (853) esp_psram: Reserving pool of 32K of internal memory for DMA/internal allocations[0m
[0;32mI (853) main_task: Calling app_main()[0m
[0;32mI (853) VAD_DEMO: === ESP32-S3-Korvo-1 v4.0 VAD Demo (BSP + ESP-ADF/ESP-SR) ===[0m
[0;32mI (863) VAD_DEMO: Init BSP I2C ...[0m
[0;33mW (863) i2c.master: Please check pull-up resistances whether be connected properly. Otherwise unexpected behavior would happen. For more detailed information, please read docs[0m
[0;32mI (883) VAD_DEMO: Init BSP microphone (ES7210) ...[0m
[0;32mI (883) I2S_IF: Auto get out handle 0x0 from in handle 0x3c0a0fe0 when duplex mode[0m
[0;32mI (893) ES7210: Work in Slave mode[0m
[1;31mE (1003) i2c.master: I2C bus is still busy but software timeout detected[0m
[1;31mE (1003) I2C_If: Fail to write to dev 80[0m
[0;32mI (1003) ES7210: Enable ES7210_INPUT_MIC1[0m
[1;31mE (1113) i2c.master: I2C bus is still busy but software timeout detected[0m
[1;31mE (1113) I2C_If: Fail to read from dev 80[0m
[0;32mI (1113) ES7210: Enable ES7210_INPUT_MIC2[0m
[1;31mE (1223) i2c.master: I2C bus is still busy but software timeout detected[0m
[1;31mE (1223) I2C_If: Fail to write to dev 80[0m
[1;31mE (1223) ES7210: Open fail[0m

assert failed: bsp_audio_codec_microphone_init esp32_s3_korvo_1.c:147 (es7210_dev)


Backtrace: 0x4037c05d:0x3fc9f740 0x4037c025:0x3fc9f760 0x40383479:0x3fc9f780 0x42052575:0x3fc9f8a0 0x4200af75:0x3fc9f8f0 0x4200b132:0x3fc9f930 0x420767f4:0x3fc9f960 0x4037cd81:0x3fc9f990




ELF file SHA256: 5bcda4f4f

Rebooting...
���ESP-ROM:esp32s3-20210327
Build:Mar 27 2021
rst:0xc (RTC_SW_CPU_RST),boot:0x2b (SPI_FAST_FLASH_BOOT)
Saved PC:0x4037c1fd
SPIWP:0xee
mode:DIO, clock div:1
load:0x3fce2820,len:0x14f0
load:0x403c8700,len:0xd24
load:0x403cb700,len:0x2ef0
entry 0x403c8924
[0;32mI (29) boot: ESP-IDF v5.5.4 2nd stage bootloader[0m
[0;32mI (29) boot: compile time Jul  6 2026 16:12:16[0m
[0;32mI (29) boot: Multicore bootloader[0m
[0;32mI (29) boot: chip revision: v0.1[0m
[0;32mI (32) boot: efuse block revision: v1.2[0m
[0;32mI (36) boot.esp32s3: Boot SPI Speed : 80MHz[0m
[0;32mI (40) boot.esp32s3: SPI Mode       : DIO[0m
[0;32mI (43) boot.esp32s3: SPI Flash Size : 16MB[0m
[0;32mI (47) boot: Enabling RNG early entropy source...[0m
[0;32mI (52) boot: Partition Table:[0m
[0;32mI (54) boot: ## Label            Usage          Type ST Offset   Length[0m
[0;32mI (61) boot:  0 nvs              WiFi data        01 02 00009000 00006000[0m
[0;32mI (67) boot:  1 phy_init         RF data          01 01 0000f000 00001000[0m
[0;32mI (74) boot:  2 factory          factory app      00 00 00010000 00400000[0m
[0;32mI (80) boot:  3 model            Unknown data     01 82 00410000 00800000[0m
[0;32mI (87) boot: End of partition table[0m
[0;32mI (90) esp_image: segment 0: paddr=00010020 vaddr=3c080020 size=16324h ( 90916) map[0m
[0;32mI (113) esp_image: segment 1: paddr=0002634c vaddr=3fc95c00 size=057f0h ( 22512) load[0m
[0;32mI (118) esp_image: segment 2: paddr=0002bb44 vaddr=40374000 size=044d4h ( 17620) load[0m
[0;32mI (123) esp_image: segment 3: paddr=00030020 vaddr=42000020 size=774fch (488700) map[0m
[0;32mI (211) esp_image: segment 4: paddr=000a7524 vaddr=403784d4 size=0d6a8h ( 54952) load[0m
[0;32mI (223) esp_image: segment 5: paddr=000b4bd4 vaddr=50000000 size=00020h (    32) load[0m
[0;32mI (231) boot: Loaded app from partition at offset 0x10000[0m
[0;32mI (231) boot: Disabling RNG early entropy source...[0m
[0;32mI (241) octal_psram: vendor id    : 0x0d (AP)[0m
[0;32mI (241) octal_psram: dev id       : 0x02 (generation 3)[0m
[0;32mI (241) octal_psram: density      : 0x03 (64 Mbit)[0m
[0;32mI (244) octal_psram: good-die     : 0x01 (Pass)[0m
[0;32mI (248) octal_psram: Latency      : 0x01 (Fixed)[0m
[0;32mI (252) octal_psram: VCC          : 0x01 (3V)[0m
[0;32mI (256) octal_psram: SRF          : 0x01 (Fast Refresh)[0m
[0;32mI (261) octal_psram: BurstType    : 0x01 (Hybrid Wrap)[0m
[0;32mI (266) octal_psram: BurstLen     : 0x01 (32 Byte)[0m
[0;32mI (270) octal_psram: Readlatency  : 0x02 (10 cycles@Fixed)[0m
[0;32mI (276) octal_psram: DriveStrength: 0x00 (1/1)[0m
[0;32mI (280) MSPI Timing: Enter psram timing tuning[0m
[0;32mI (285) esp_psram: Found 8MB PSRAM device[0m
[0;32mI (288) esp_psram: Speed: 80MHz[0m
[0;32mI (291) cpu_start: Multicore app[0m
[0;32mI (726) esp_psram: SPI SRAM memory test OK[0m
[0;32mI (735) cpu_start: GPIO 44 and 43 are used as console UART I/O pins[0m
[0;32mI (736) cpu_start: Pro cpu start user code[0m
[0;32mI (736) cpu_start: cpu freq: 160000000 Hz[0m
[0;32mI (738) app_init: Application information:[0m
[0;32mI (741) app_init: Project name:     Ai_voice_project[0m
[0;32mI (746) app_init: App version:      1[0m
[0;32mI (749) app_init: Compile time:     Jul  6 2026 16:11:21[0m
[0;32mI (754) app_init: ELF file SHA256:  5bcda4f4f...[0m
[0;32mI (759) app_init: ESP-IDF:          v5.5.4[0m
[0;32mI (763) efuse_init: Min chip rev:     v0.0[0m
[0;32mI (766) efuse_init: Max chip rev:     v0.99 [0m
[0;32mI (770) efuse_init: Chip rev:         v0.1[0m
[0;32mI (774) heap_init: Initializing. RAM available for dynamic allocation:[0m
[0;32mI (781) heap_init: At 3FC9BF60 len 0004D7B0 (309 KiB): RAM[0m
[0;32mI (786) heap_init: At 3FCE9710 len 00005724 (21 KiB): RAM[0m
[0;32mI (791) heap_init: At 3FCF0000 len 00008000 (32 KiB): DRAM[0m
[0;32mI (796) heap_init: At 600FE000 len 00001FE8 (7 KiB): RTCRAM[0m
[0;32mI (802) esp_psram: Adding pool of 8192K of PSRAM memory to heap allocator[0m
[0;32mI (809) spi_flash: detected chip: gd[0m
[0;32mI (811) spi_flash: flash io: dio[0m
[0;32mI (815) sleep_gpio: Configure to isolate all GPIO pins in sleep state[0m
[0;32mI (821) sleep_gpio: Enable automatic switching of GPIO sleep configuration[0m
[0;32mI (827) main_task: Started on CPU0[0m
[0;32mI (857) esp_psram: Reserving pool of 32K of internal memory for DMA/internal allocations[0m
[0;32mI (857) main_task: Calling app_main()[0m
[0;32mI (857) VAD_DEMO: === ESP32-S3-Korvo-1 v4.0 VAD Demo (BSP + ESP-ADF/ESP-SR) ===[0m
[0;32mI (867) VAD_DEMO: Init BSP I2C ...[0m
[0;33mW (867) i2c.master: Please check pull-up resistances whether be connected properly. Otherwise unexpected behavior would happen. For more detailed information, please read docs[0m
[0;32mI (887) VAD_DEMO: Init BSP microphone (ES7210) ...[0m
[0;32mI (887) I2S_IF: Auto get out handle 0x0 from in handle 0x3c0a0fe0 when duplex mode[0m
[0;32mI (897) ES7210: Work in Slave mode[0m
[0;32mI (907) ES7210: Enable ES7210_INPUT_MIC1[0m
[0;32mI (907) ES7210: Enable ES7210_INPUT_MIC2[0m
[0;32mI (917) I2S_IF: No paired data, current mode: record[0m
[0;32mI (917) I2S_IF: TDM: RX, data_bit: 16, slot_bit: 16, ws_width: 32, total_slot: 4, slot_mask: 0xf[0m
[0;32mI (917) I2S_IF: TDM: RX, sample_rate_hz: 16000, mclk_multiple: 256, clk_src: 6[0m
[0;32mI (927) ES7210: Bits 16[0m
[0;32mI (937) ES7210: Enable ES7210_INPUT_MIC1[0m
[0;32mI (937) ES7210: Enable ES7210_INPUT_MIC2[0m
[0;32mI (947) ES7210: Unmuted[0m
[0;32mI (947) Adev_Codec: Open codec device OK[0m
[0;32mI (947) VAD_DEMO: Mic init OK: 16000Hz 4ch 16bit[0m
[0;32mI (947) MODEL_LOADER: The storage free size is 23936 KB[0m
[0;32mI (947) MODEL_LOADER: The partition size is 8192 KB[0m
[0;32mI (957) MODEL_LOADER: Successfully load srmodels[0m
[0;32mI (957) AFE_CONFIG: Set WakeNet Model: wn9_hilexin[0m
MC Quantized wakenet9: wakenet9_v1h24_嗨，乐鑫_3_0.608_0.615, tigger:v4, mode:4, p:0, (May 25 2026 15:51:00)
[0;32mI (1057) AFE: AFE Version: (2MIC_V251128)[0m
[0;32mI (1057) AFE: Input PCM Config: total 4 channels(3 microphone, 1 playback), sample rate:16000[0m
[0;32mI (1067) AFE: AFE Pipeline: [input] -> |AEC(SR_HIGH_PERF, NLP_OFF)| -> |VAD(WebRTC)| -> |WakeNet(wn9_hilexin,)| -> [output][0m
[0;32mI (1077) AFE: AFE VAD initialized successfully[0m
[0;32mI (1087) VAD_DEMO: audio_feed_task started[0m
[0;32mI (1087) VAD_DEMO: afe_fetch_task started[0m
[0;32mI (1087) VAD_DEMO: Say something to trigger VAD_SPEECH ...[0m
[0;32mI (1107) main_task: Returned from app_main()[0m
[0;32mI (1267) VAD_DEMO: VAD state changed: SPEECH START[0m
[1;31mE (27157) task_wdt: Task watchdog got triggered. The following tasks/users did not reset the watchdog in time:[0m
[1;31mE (27157) task_wdt:  - IDLE1 (CPU 1)[0m
[1;31mE (27157) task_wdt: Tasks currently running:[0m
[1;31mE (27157) task_wdt: CPU 0: IDLE0[0m
[1;31mE (27157) task_wdt: CPU 1: audio_feed[0m
[1;31mE (27157) task_wdt: Print CPU 1 backtrace[0m


Backtrace: 0x4037853E:0x3FC99820 0x40377975:0x3FC99840 0x42045B77:0x3FCB54A0 0x42029DEF:0x3FCB5560 0x420233F5:0x3FCB5580 0x42024471:0x3FCB55A0 0x4202456B:0x3FCB55C0 0x4200B546:0x3FCB55E0 0x4200C17E:0x3FCB5610 0x4200C1A9:0x3FCB5630 0x4200ADF9:0x3FCB5650 0x4037CD81:0x3FCB5680

ESP-ROM:esp32s3-20210327
Build:Mar 27 2021
rst:0x1 (POWERON),boot:0x2b (SPI_FAST_FLASH_BOOT)
SPIWP:0xee
mode:DIO, clock div:1
load:0x3fce2820,len:0x14f0
load:0x403c8700,len:0xd24
load:0x403cb700,len:0x2ef0
entry 0x403c8924
[0;32mI (24) boot: ESP-IDF v5.5.4 2nd stage bootloader[0m
[0;32mI (25) boot: compile time Jul  6 2026 16:12:16[0m
[0;32mI (25) boot: Multicore bootloader[0m
[0;32mI (25) boot: chip revision: v0.1[0m
[0;32mI (28) boot: efuse block revision: v1.2[0m
[0;32mI (31) boot.esp32s3: Boot SPI Speed : 80MHz[0m
[0;32mI (35) boot.esp32s3: SPI Mode       : DIO[0m
[0;32mI (39) boot.esp32s3: SPI Flash Size : 16MB[0m
[0;32mI (43) boot: Enabling RNG early entropy source...[0m
[0;32mI (47) boot: Partition Table:[0m
[0;32mI (50) boot: ## Label            Usage          Type ST Offset   Length[0m
[0;32mI (56) boot:  0 nvs              WiFi data        01 02 00009000 00006000[0m
[0;32mI (63) boot:  1 phy_init         RF data          01 01 0000f000 00001000[0m
[0;32mI (69) boot:  2 factory          factory app      00 00 00010000 00400000[0m
[0;32mI (76) boot:  3 model            Unknown data     01 82 00410000 00800000[0m
[0;32mI (82) boot: End of partition table[0m
[0;32mI (86) esp_image: segment 0: paddr=00010020 vaddr=3c080020 size=16324h ( 90916) map[0m
[0;32mI (109) esp_image: segment 1: paddr=0002634c vaddr=3fc95c00 size=057f0h ( 22512) load[0m
[0;32mI (114) esp_image: segment 2: paddr=0002bb44 vaddr=40374000 size=044d4h ( 17620) load[0m
[0;32mI (118) esp_image: segment 3: paddr=00030020 vaddr=42000020 size=774fch (488700) map[0m
[0;32mI (207) esp_image: segment 4: paddr=000a7524 vaddr=403784d4 size=0d6a8h ( 54952) load[0m
[0;32mI (219) esp_image: segment 5: paddr=000b4bd4 vaddr=50000000 size=00020h (    32) load[0m
[0;32mI (227) boot: Loaded app from partition at offset 0x10000[0m
[0;32mI (227) boot: Disabling RNG early entropy source...[0m
[0;32mI (237) octal_psram: vendor id    : 0x0d (AP)[0m
[0;32mI (237) octal_psram: dev id       : 0x02 (generation 3)[0m
[0;32mI (237) octal_psram: density      : 0x03 (64 Mbit)[0m
[0;32mI (239) octal_psram: good-die     : 0x01 (Pass)[0m
[0;32mI (243) octal_psram: Latency      : 0x01 (Fixed)[0m
[0;32mI (248) octal_psram: VCC          : 0x01 (3V)[0m
[0;32mI (252) octal_psram: SRF          : 0x01 (Fast Refresh)[0m
[0;32mI (257) octal_psram: BurstType    : 0x01 (Hybrid Wrap)[0m
[0;32mI (262) octal_psram: BurstLen     : 0x01 (32 Byte)[0m
[0;32mI (266) octal_psram: Readlatency  : 0x02 (10 cycles@Fixed)[0m
[0;32mI (271) octal_psram: DriveStrength: 0x00 (1/1)[0m
[0;32mI (275) MSPI Timing: Enter psram timing tuning[0m
[0;32mI (280) esp_psram: Found 8MB PSRAM device[0m
[0;32mI (283) esp_psram: Speed: 80MHz[0m
[0;32mI (286) cpu_start: Multicore app[0m
[0;32mI (722) esp_psram: SPI SRAM memory test OK[0m
[0;32mI (731) cpu_start: GPIO 44 and 43 are used as console UART I/O pins[0m
[0;32mI (732) cpu_start: Pro cpu start user code[0m
[0;32mI (732) cpu_start: cpu freq: 160000000 Hz[0m
[0;32mI (733) app_init: Application information:[0m
[0;32mI (737) app_init: Project name:     Ai_voice_project[0m
[0;32mI (742) app_init: App version:      1[0m
[0;32mI (745) app_init: Compile time:     Jul  6 2026 16:11:21[0m
[0;32mI (750) app_init: ELF file SHA256:  5bcda4f4f...[0m
[0;32mI (754) app_init: ESP-IDF:          v5.5.4[0m
[0;32mI (758) efuse_init: Min chip rev:     v0.0[0m
[0;32mI (762) efuse_init: Max chip rev:     v0.99 [0m
[0;32mI (766) efuse_init: Chip rev:         v0.1[0m
[0;32mI (770) heap_init: Initializing. RAM available for dynamic allocation:[0m
[0;32mI (776) heap_init: At 3FC9BF60 len 0004D7B0 (309 KiB): RAM[0m
[0;32mI (781) heap_init: At 3FCE9710 len 00005724 (21 KiB): RAM[0m
[0;32mI (786) heap_init: At 3FCF0000 len 00008000 (32 KiB): DRAM[0m
[0;32mI (792) heap_init: At 600FE000 len 00001FE8 (7 KiB): RTCRAM[0m
[0;32mI (797) esp_psram: Adding pool of 8192K of PSRAM memory to heap allocator[0m
[0;32mI (804) spi_flash: detected chip: gd[0m
[0;32mI (807) spi_flash: flash io: dio[0m
[0;32mI (810) sleep_gpio: Configure to isolate all GPIO pins in sleep state[0m
[0;32mI (816) sleep_gpio: Enable automatic switching of GPIO sleep configuration[0m
[0;32mI (823) main_task: Started on CPU0[0m
[0;32mI (853) esp_psram: Reserving pool of 32K of internal memory for DMA/internal allocations[0m
[0;32mI (853) main_task: Calling app_main()[0m
[0;32mI (853) VAD_DEMO: === ESP32-S3-Korvo-1 v4.0 VAD Demo (BSP + ESP-ADF/ESP-SR) ===[0m
[0;32mI (863) VAD_DEMO: Init BSP I2C ...[0m
[0;33mW (863) i2c.master: Please check pull-up resistances whether be connected properly. Otherwise unexpected behavior would happen. For more detailed information, please read docs[0m
[0;32mI (883) VAD_DEMO: Init BSP microphone (ES7210) ...[0m
[0;32mI (883) I2S_IF: Auto get out handle 0x0 from in handle 0x3c0a0fe0 when duplex mode[0m
[0;32mI (893) ES7210: Work in Slave mode[0m
[1;31mE (1003) i2c.master: I2C bus is still busy but software timeout detected[0m
[1;31mE (1003) I2C_If: Fail to write to dev 80[0m
[1;31mE (1003) I2C_If: Fail to write to dev 80[0m
[0;32mI (1003) ES7210: Enable ES7210_INPUT_MIC1[0m
[0;32mI (1013) ES7210: Enable ES7210_INPUT_MIC2[0m
[1;31mE (1013) ES7210: Open fail[0m

assert failed: bsp_audio_codec_microphone_init esp32_s3_korvo_1.c:147 (es7210_dev)


Backtrace: 0x4037c05d:0x3fc9f740 0x4037c025:0x3fc9f760 0x40383479:0x3fc9f780 0x42052575:0x3fc9f8a0 0x4200af75:0x3fc9f8f0 0x4200b132:0x3fc9f930 0x420767f4:0x3fc9f960 0x4037cd81:0x3fc9f990




ELF file SHA256: 5bcda4f4f

Rebooting...
ESP-ROM:esp32s3-20210327
Build:Mar 27 2021
rst:0xc (RTC_SW_CPU_RST),boot:0x2b (SPI_FAST_FLASH_BOOT)
Saved PC:0x4037c1fd
SPIWP:0xee
mode:DIO, clock div:1
load:0x3fce2820,len:0x14f0
load:0x403c8700,len:0xd24
load:0x403cb700,len:0x2ef0
entry 0x403c8924
[0;32mI (29) boot: ESP-IDF v5.5.4 2nd stage bootloader[0m
[0;32mI (29) boot: compile time Jul  6 2026 16:12:16[0m
[0;32mI (29) boot: Multicore bootloader[0m
[0;32mI (29) boot: chip revision: v0.1[0m
[0;32mI (32) boot: efuse block revision: v1.2[0m
[0;32mI (36) boot.esp32s3: Boot SPI Speed : 80MHz[0m
[0;32mI (40) boot.esp32s3: SPI Mode       : DIO[0m
[0;32mI (43) boot.esp32s3: SPI Flash Size : 16MB[0m
[0;32mI (47) boot: Enabling RNG early entropy source...[0m
[0;32mI (52) boot: Partition Table:[0m
[0;32mI (54) boot: ## Label            Usage          Type ST Offset   Length[0m
[0;32mI (61) boot:  0 nvs              WiFi data        01 02 00009000 00006000[0m
[0;32mI (67) boot:  1 phy_init         RF data          01 01 0000f000 00001000[0m
[0;32mI (74) boot:  2 factory          factory app      00 00 00010000 00400000[0m
[0;32mI (80) boot:  3 model            Unknown data     01 82 00410000 00800000[0m
[0;32mI (87) boot: End of partition table[0m
[0;32mI (90) esp_image: segment 0: paddr=00010020 vaddr=3c080020 size=16324h ( 90916) map[0m
[0;32mI (113) esp_image: segment 1: paddr=0002634c vaddr=3fc95c00 size=057f0h ( 22512) load[0m
[0;32mI (118) esp_image: segment 2: paddr=0002bb44 vaddr=40374000 size=044d4h ( 17620) load[0m
[0;32mI (123) esp_image: segment 3: paddr=00030020 vaddr=42000020 size=774fch (488700) map[0m
[0;32mI (211) esp_image: segment 4: paddr=000a7524 vaddr=403784d4 size=0d6a8h ( 54952) load[0m
[0;32mI (223) esp_image: segment 5: paddr=000b4bd4 vaddr=50000000 size=00020h (    32) load[0m
[0;32mI (231) boot: Loaded app from partition at offset 0x10000[0m
[0;32mI (231) boot: Disabling RNG early entropy source...[0m
[0;32mI (241) octal_psram: vendor id    : 0x0d (AP)[0m
[0;32mI (241) octal_psram: dev id       : 0x02 (generation 3)[0m
[0;32mI (241) octal_psram: density      : 0x03 (64 Mbit)[0m
[0;32mI (244) octal_psram: good-die     : 0x01 (Pass)[0m
[0;32mI (248) octal_psram: Latency      : 0x01 (Fixed)[0m
[0;32mI (252) octal_psram: VCC          : 0x01 (3V)[0m
[0;32mI (256) octal_psram: SRF          : 0x01 (Fast Refresh)[0m
[0;32mI (261) octal_psram: BurstType    : 0x01 (Hybrid Wrap)[0m
[0;32mI (266) octal_psram: BurstLen     : 0x01 (32 Byte)[0m
[0;32mI (270) octal_psram: Readlatency  : 0x02 (10 cycles@Fixed)[0m
[0;32mI (276) octal_psram: DriveStrength: 0x00 (1/1)[0m
[0;32mI (280) MSPI Timing: Enter psram timing tuning[0m
[0;32mI (285) esp_psram: Found 8MB PSRAM device[0m
[0;32mI (288) esp_psram: Speed: 80MHz[0m
[0;32mI (291) cpu_start: Multicore app[0m
[0;32mI (726) esp_psram: SPI SRAM memory test OK[0m
[0;32mI (735) cpu_start: GPIO 44 and 43 are used as console UART I/O pins[0m
[0;32mI (736) cpu_start: Pro cpu start user code[0m
[0;32mI (736) cpu_start: cpu freq: 160000000 Hz[0m
[0;32mI (738) app_init: Application information:[0m
[0;32mI (741) app_init: Project name:     Ai_voice_project[0m
[0;32mI (746) app_init: App version:      1[0m
[0;32mI (749) app_init: Compile time:     Jul  6 2026 16:11:21[0m
[0;32mI (754) app_init: ELF file SHA256:  5bcda4f4f...[0m
[0;32mI (759) app_init: ESP-IDF:          v5.5.4[0m
[0;32mI (763) efuse_init: Min chip rev:     v0.0[0m
[0;32mI (766) efuse_init: Max chip rev:     v0.99 [0m
[0;32mI (770) efuse_init: Chip rev:         v0.1[0m
[0;32mI (774) heap_init: Initializing. RAM available for dynamic allocation:[0m
[0;32mI (781) heap_init: At 3FC9BF60 len 0004D7B0 (309 KiB): RAM[0m
[0;32mI (786) heap_init: At 3FCE9710 len 00005724 (21 KiB): RAM[0m
[0;32mI (791) heap_init: At 3FCF0000 len 00008000 (32 KiB): DRAM[0m
[0;32mI (796) heap_init: At 600FE000 len 00001FE8 (7 KiB): RTCRAM[0m
[0;32mI (802) esp_psram: Adding pool of 8192K of PSRAM memory to heap allocator[0m
[0;32mI (809) spi_flash: detected chip: gd[0m
[0;32mI (811) spi_flash: flash io: dio[0m
[0;32mI (815) sleep_gpio: Configure to isolate all GPIO pins in sleep state[0m
[0;32mI (821) sleep_gpio: Enable automatic switching of GPIO sleep configuration[0m
[0;32mI (828) main_task: Started on CPU0[0m
[0;32mI (858) esp_psram: Reserving pool of 32K of internal memory for DMA/internal allocations[0m
[0;32mI (858) main_task: Calling app_main()[0m
[0;32mI (858) VAD_DEMO: === ESP32-S3-Korvo-1 v4.0 VAD Demo (BSP + ESP-ADF/ESP-SR) ===[0m
[0;32mI (868) VAD_DEMO: Init BSP I2C ...[0m
[0;33mW (868) i2c.master: Please check pull-up resistances whether be connected properly. Otherwise unexpected behavior would happen. For more detailed information, please read docs[0m
[0;32mI (888) VAD_DEMO: Init BSP microphone (ES7210) ...[0m
[0;32mI (888) I2S_IF: Auto get out handle 0x0 from in handle 0x3c0a0fe0 when duplex mode[0m
[0;32mI (898) ES7210: Work in Slave mode[0m
[0;32mI (908) ES7210: Enable ES7210_INPUT_MIC1[0m
[0;32mI (908) ES7210: Enable ES7210_INPUT_MIC2[0m
[0;32mI (918) I2S_IF: No paired data, current mode: record[0m
[0;32mI (918) I2S_IF: TDM: RX, data_bit: 16, slot_bit: 16, ws_width: 32, total_slot: 4, slot_mask: 0xf[0m
[0;32mI (918) I2S_IF: TDM: RX, sample_rate_hz: 16000, mclk_multiple: 256, clk_src: 6[0m
[0;32mI (928) ES7210: Bits 16[0m
[1;31mE (1048) i2c.master: I2C bus is still busy but software timeout detected[0m
[1;31mE (1048) I2C_If: Fail to write to dev 80[0m
[0;32mI (1048) ES7210: Enable ES7210_INPUT_MIC1[0m
[0;32mI (1048) ES7210: Enable ES7210_INPUT_MIC2[0m
[1;31mE (1058) Adev_Codec: Fail to enable codec[0m
[1;31mE (1058) VAD_DEMO: mic_init(61): codec open fail[0m
ESP_ERROR_CHECK failed: esp_err_t 0xffffffff (ESP_FAIL) at 0x4200b146
file: "./main/Ai_voice_project.c" line 208
func: app_main
expression: mic_init()

abort() was called at PC 0x4037c01b on core 0


Backtrace: 0x4037c05d:0x3fc9f850 0x4037c025:0x3fc9f870 0x40383361:0x3fc9f890 0x4037c01b:0x3fc9f900 0x4200b146:0x3fc9f930 0x420767f4:0x3fc9f960 0x4037cd81:0x3fc9f990




ELF file SHA256: 5bcda4f4f

Rebooting...
ESP-ROM:esp32s3-20210327
Build:Mar 27 2021
rst:0xc (RTC_SW_CPU_RST),boot:0x2b (SPI_FAST_FLASH_BOOT)
Saved PC:0x4037c1fd
SPIWP:0xee
mode:DIO, clock div:1
load:0x3fce2820,len:0x14f0
load:0x403c8700,len:0xd24
load:0x403cb700,len:0x2ef0
entry 0x403c8924
[0;32mI (29) boot: ESP-IDF v5.5.4 2nd stage bootloader[0m
[0;32mI (29) boot: compile time Jul  6 2026 16:12:16[0m
[0;32mI (29) boot: Multicore bootloader[0m
[0;32mI (29) boot: chip revision: v0.1[0m
[0;32mI (32) boot: efuse block revision: v1.2[0m
[0;32mI (36) boot.esp32s3: Boot SPI Speed : 80MHz[0m
[0;32mI (40) boot.esp32s3: SPI Mode       : DIO[0m
[0;32mI (43) boot.esp32s3: SPI Flash Size : 16MB[0m
[0;32mI (47) boot: Enabling RNG early entropy source...[0m
[0;32mI (52) boot: Partition Table:[0m
[0;32mI (54) boot: ## Label            Usage          Type ST Offset   Length[0m
[0;32mI (61) boot:  0 nvs              WiFi data        01 02 00009000 00006000[0m
[0;32mI (67) boot:  1 phy_init         RF data          01 01 0000f000 00001000[0m
[0;32mI (74) boot:  2 factory          factory app      00 00 00010000 00400000[0m
[0;32mI (80) boot:  3 model            Unknown data     01 82 00410000 00800000[0m
[0;32mI (87) boot: End of partition table[0m
[0;32mI (90) esp_image: segment 0: paddr=00010020 vaddr=3c080020 size=16324h ( 90916) map[0m
[0;32mI (113) esp_image: segment 1: paddr=0002634c vaddr=3fc95c00 size=057f0h ( 22512) load[0m
[0;32mI (118) esp_image: segment 2: paddr=0002bb44 vaddr=40374000 size=044d4h ( 17620) load[0m
[0;32mI (123) esp_image: segment 3: paddr=00030020 vaddr=42000020 size=774fch (488700) map[0m
[0;32mI (211) esp_image: segment 4: paddr=000a7524 vaddr=403784d4 size=0d6a8h ( 54952) load[0m
[0;32mI (223) esp_image: segment 5: paddr=000b4bd4 vaddr=50000000 size=00020h (    32) load[0m
[0;32mI (231) boot: Loaded app from partition at offset 0x10000[0m
[0;32mI (231) boot: Disabling RNG early entropy source...[0m
[0;32mI (241) octal_psram: vendor id    : 0x0d (AP)[0m
[0;32mI (241) octal_psram: dev id       : 0x02 (generation 3)[0m
[0;32mI (241) octal_psram: density      : 0x03 (64 Mbit)[0m
[0;32mI (244) octal_psram: good-die     : 0x01 (Pass)[0m
[0;32mI (248) octal_psram: Latency      : 0x01 (Fixed)[0m
[0;32mI (252) octal_psram: VCC          : 0x01 (3V)[0m
[0;32mI (256) octal_psram: SRF          : 0x01 (Fast Refresh)[0m
[0;32mI (261) octal_psram: BurstType    : 0x01 (Hybrid Wrap)[0m
[0;32mI (266) octal_psram: BurstLen     : 0x01 (32 Byte)[0m
[0;32mI (270) octal_psram: Readlatency  : 0x02 (10 cycles@Fixed)[0m
[0;32mI (276) octal_psram: DriveStrength: 0x00 (1/1)[0m
[0;32mI (280) MSPI Timing: Enter psram timing tuning[0m
[0;32mI (285) esp_psram: Found 8MB PSRAM device[0m
[0;32mI (288) esp_psram: Speed: 80MHz[0m
[0;32mI (291) cpu_start: Multicore app[0m
[0;32mI (726) esp_psram: SPI SRAM memory test OK[0m
[0;32mI (735) cpu_start: GPIO 44 and 43 are used as console UART I/O pins[0m
[0;32mI (736) cpu_start: Pro cpu start user code[0m
[0;32mI (736) cpu_start: cpu freq: 160000000 Hz[0m
[0;32mI (738) app_init: Application information:[0m
[0;32mI (741) app_init: Project name:     Ai_voice_project[0m
[0;32mI (746) app_init: App version:      1[0m
[0;32mI (749) app_init: Compile time:     Jul  6 2026 16:11:21[0m
[0;32mI (754) app_init: ELF file SHA256:  5bcda4f4f...[0m
[0;32mI (759) app_init: ESP-IDF:          v5.5.4[0m
[0;32mI (763) efuse_init: Min chip rev:     v0.0[0m
[0;32mI (766) efuse_init: Max chip rev:     v0.99 [0m
[0;32mI (770) efuse_init: Chip rev:         v0.1[0m
[0;32mI (774) heap_init: Initializing. RAM available for dynamic allocation:[0m
[0;32mI (781) heap_init: At 3FC9BF60 len 0004D7B0 (309 KiB): RAM[0m
[0;32mI (786) heap_init: At 3FCE9710 len 00005724 (21 KiB): RAM[0m
[0;32mI (791) heap_init: At 3FCF0000 len 00008000 (32 KiB): DRAM[0m
[0;32mI (796) heap_init: At 600FE000 len 00001FE8 (7 KiB): RTCRAM[0m
[0;32mI (802) esp_psram: Adding pool of 8192K of PSRAM memory to heap allocator[0m
[0;32mI (809) spi_flash: detected chip: gd[0m
[0;32mI (811) spi_flash: flash io: dio[0m
[0;32mI (815) sleep_gpio: Configure to isolate all GPIO pins in sleep state[0m
[0;32mI (821) sleep_gpio: Enable automatic switching of GPIO sleep configuration[0m
[0;32mI (828) main_task: Started on CPU0[0m
[0;32mI (858) esp_psram: Reserving pool of 32K of internal memory for DMA/internal allocations[0m
[0;32mI (858) main_task: Calling app_main()[0m
[0;32mI (858) VAD_DEMO: === ESP32-S3-Korvo-1 v4.0 VAD Demo (BSP + ESP-ADF/ESP-SR) ===[0m
[0;32mI (868) VAD_DEMO: Init BSP I2C ...[0m
[0;33mW (868) i2c.master: Please check pull-up resistances whether be connected properly. Otherwise unexpected behavior would happen. For more detailed information, please read docs[0m
[0;32mI (888) VAD_DEMO: Init BSP microphone (ES7210) ...[0m
[0;32mI (888) I2S_IF: Auto get out handle 0x0 from in handle 0x3c0a0fe0 when duplex mode[0m
[0;32mI (898) ES7210: Work in Slave mode[0m
[0;32mI (908) ES7210: Enable ES7210_INPUT_MIC1[0m
[0;32mI (908) ES7210: Enable ES7210_INPUT_MIC2[0m
[0;32mI (918) I2S_IF: No paired data, current mode: record[0m
[0;32mI (918) I2S_IF: TDM: RX, data_bit: 16, slot_bit: 16, ws_width: 32, total_slot: 4, slot_mask: 0xf[0m
[0;32mI (918) I2S_IF: TDM: RX, sample_rate_hz: 16000, mclk_multiple: 256, clk_src: 6[0m
[0;32mI (928) ES7210: Bits 16[0m
[1;31mE (1048) i2c.master: I2C bus is still busy but software timeout detected[0m
[1;31mE (1048) I2C_If: Fail to write to dev 80[0m
[0;32mI (1048) ES7210: Enable ES7210_INPUT_MIC1[0m
[0;32mI (1048) ES7210: Enable ES7210_INPUT_MIC2[0m
[1;31mE (1058) Adev_Codec: Fail to enable codec[0m
[1;31mE (1058) VAD_DEMO: mic_init(61): codec open fail[0m
ESP_ERROR_CHECK failed: esp_err_t 0xffffffff (ESP_FAIL) at 0x4200b146
file: "./main/Ai_voice_project.c" line 208
func: app_main
expression: mic_init()

abort() was called at PC 0x4037c01b on core 0


Backtrace: 0x4037c05d:0x3fc9f850 0x4037c025:0x3fc9f870 0x40383361:0x3fc9f890 0x4037c01b:0x3fc9f900 0x4200b146:0x3fc9f930 0x420767f4:0x3fc9f960 0x4037cd81:0x3fc9f990




ELF file SHA256: 5bcda4f4f

Rebooting...
ESP-ROM:esp32s3-20210327
Build:Mar 27 2021
rst:0xc (RTC_SW_CPU_RST),boot:0x2b (SPI_FAST_FLASH_BOOT)
Saved PC:0x4037c1fd
SPIWP:0xee
mode:DIO, clock div:1
load:0x3fce2820,len:0x14f0
load:0x403c8700,len:0xd24
load:0x403cb700,len:0x2ef0
entry 0x403c8924
[0;32mI (29) boot: ESP-IDF v5.5.4 2nd stage bootloader[0m
[0;32mI (29) boot: compile time Jul  6 2026 16:12:16[0m
[0;32mI (29) boot: Multicore bootloader[0m
[0;32mI (29) boot: chip revision: v0.1[0m
[0;32mI (32) boot: efuse block revision: v1.2[0m
[0;32mI (36) boot.esp32s3: Boot SPI Speed : 80MHz[0m
[0;32mI (40) boot.esp32s3: SPI Mode       : DIO[0m
[0;32mI (43) boot.esp32s3: SPI Flash Size : 16MB[0m
[0;32mI (47) boot: Enabling RNG early entropy source...[0m
[0;32mI (52) boot: Partition Table:[0m
[0;32mI (54) boot: ## Label            Usage          Type ST Offset   Length[0m
[0;32mI (61) boot:  0 nvs              WiFi data        01 02 00009000 00006000[0m
[0;32mI (67) boot:  1 phy_init         RF data          01 01 0000f000 00001000[0m
[0;32mI (74) boot:  2 factory          factory app      00 00 00010000 00400000[0m
[0;32mI (80) boot:  3 model            Unknown data     01 82 00410000 00800000[0m
[0;32mI (87) boot: End of partition table[0m
[0;32mI (90) esp_image: segment 0: paddr=00010020 vaddr=3c080020 size=16324h ( 90916) map[0m
[0;32mI (113) esp_image: segment 1: paddr=0002634c vaddr=3fc95c00 size=057f0h ( 22512) load[0m
[0;32mI (118) esp_image: segment 2: paddr=0002bb44 vaddr=40374000 size=044d4h ( 17620) load[0m
[0;32mI (123) esp_image: segment 3: paddr=00030020 vaddr=42000020 size=774fch (488700) map[0m
[0;32mI (211) esp_image: segment 4: paddr=000a7524 vaddr=403784d4 size=0d6a8h ( 54952) load[0m
[0;32mI (223) esp_image: segment 5: paddr=000b4bd4 vaddr=50000000 size=00020h (    32) load[0m
[0;32mI (231) boot: Loaded app from partition at offset 0x10000[0m
[0;32mI (231) boot: Disabling RNG early entropy source...[0m
[0;32mI (241) octal_psram: vendor id    : 0x0d (AP)[0m
[0;32mI (241) octal_psram: dev id       : 0x02 (generation 3)[0m
[0;32mI (241) octal_psram: density      : 0x03 (64 Mbit)[0m
[0;32mI (244) octal_psram: good-die     : 0x01 (Pass)[0m
[0;32mI (248) octal_psram: Latency      : 0x01 (Fixed)[0m
[0;32mI (252) octal_psram: VCC          : 0x01 (3V)[0m
[0;32mI (256) octal_psram: SRF          : 0x01 (Fast Refresh)[0m
[0;32mI (261) octal_psram: BurstType    : 0x01 (Hybrid Wrap)[0m
[0;32mI (266) octal_psram: BurstLen     : 0x01 (32 Byte)[0m
[0;32mI (270) octal_psram: Readlatency  : 0x02 (10 cycles@Fixed)[0m
[0;32mI (276) octal_psram: DriveStrength: 0x00 (1/1)[0m
[0;32mI (280) MSPI Timing: Enter psram timing tuning[0m
[0;32mI (285) esp_psram: Found 8MB PSRAM device[0m
[0;32mI (288) esp_psram: Speed: 80MHz[0m
[0;32mI (291) cpu_start: Multicore app[0m
[0;32mI (726) esp_psram: SPI SRAM memory test OK[0m
[0;32mI (735) cpu_start: GPIO 44 and 43 are used as console UART I/O pins[0m
[0;32mI (736) cpu_start: Pro cpu start user code[0m
[0;32mI (736) cpu_start: cpu freq: 160000000 Hz[0m
[0;32mI (738) app_init: Application information:[0m
[0;32mI (741) app_init: Project name:     Ai_voice_project[0m
[0;32mI (746) app_init: App version:      1[0m
[0;32mI (749) app_init: Compile time:     Jul  6 2026 16:11:21[0m
[0;32mI (754) app_init: ELF file SHA256:  5bcda4f4f...[0m
[0;32mI (759) app_init: ESP-IDF:          v5.5.4[0m
[0;32mI (763) efuse_init: Min chip rev:     v0.0[0m
[0;32mI (766) efuse_init: Max chip rev:     v0.99 [0m
[0;32mI (770) efuse_init: Chip rev:         v0.1[0m
[0;32mI (774) heap_init: Initializing. RAM available for dynamic allocation:[0m
[0;32mI (781) heap_init: At 3FC9BF60 len 0004D7B0 (309 KiB): RAM[0m
[0;32mI (786) heap_init: At 3FCE9710 len 00005724 (21 KiB): RAM[0m
[0;32mI (791) heap_init: At 3FCF0000 len 00008000 (32 KiB): DRAM[0m
[0;32mI (796) heap_init: At 600FE000 len 00001FE8 (7 KiB): RTCRAM[0m
[0;32mI (802) esp_psram: Adding pool of 8192K of PSRAM memory to heap allocator[0m
[0;32mI (809) spi_flash: detected chip: gd[0m
[0;32mI (811) spi_flash: flash io: dio[0m
[0;32mI (815) sleep_gpio: Configure to isolate all GPIO pins in sleep state[0m
[0;32mI (821) sleep_gpio: Enable automatic switching of GPIO sleep configuration[0m
[0;32mI (828) main_task: Started on CPU0[0m
[0;32mI (858) esp_psram: Reserving pool of 32K of internal memory for DMA/internal allocations[0m
[0;32mI (858) main_task: Calling app_main()[0m
[0;32mI (858) VAD_DEMO: === ESP32-S3-Korvo-1 v4.0 VAD Demo (BSP + ESP-ADF/ESP-SR) ===[0m
[0;32mI (868) VAD_DEMO: Init BSP I2C ...[0m
[0;33mW (868) i2c.master: Please check pull-up resistances whether be connected properly. Otherwise unexpected behavior would happen. For more detailed information, please read docs[0m
[0;32mI (888) VAD_DEMO: Init BSP microphone (ES7210) ...[0m
[0;32mI (888) I2S_IF: Auto get out handle 0x0 from in handle 0x3c0a0fe0 when duplex mode[0m
[0;32mI (898) ES7210: Work in Slave mode[0m
[0;32mI (908) ES7210: Enable ES7210_INPUT_MIC1[0m
[0;32mI (908) ES7210: Enable ES7210_INPUT_MIC2[0m
[0;32mI (918) I2S_IF: No paired data, current mode: record[0m
[0;32mI (918) I2S_IF: TDM: RX, data_bit: 16, slot_bit: 16, ws_width: 32, total_slot: 4, slot_mask: 0xf[0m
[0;32mI (918) I2S_IF: TDM: RX, sample_rate_hz: 16000, mclk_multiple: 256, clk_src: 6[0m
[0;32mI (928) ES7210: Bits 16[0m
[0;32mI (938) ES7210: Enable ES7210_INPUT_MIC1[0m
[0;32mI (938) ES7210: Enable ES7210_INPUT_MIC2[0m
[0;32mI (948) ES7210: Unmuted[0m
[0;32mI (948) Adev_Codec: Open codec device OK[0m
[0;32mI (948) VAD_DEMO: Mic init OK: 16000Hz 4ch 16bit[0m
[0;32mI (948) MODEL_LOADER: The storage free size is 23936 KB[0m
[0;32mI (948) MODEL_LOADER: The partition size is 8192 KB[0m
[0;32mI (958) MODEL_LOADER: Successfully load srmodels[0m
[0;32mI (958) AFE_CONFIG: Set WakeNet Model: wn9_hilexin[0m
MC Quantized wakenet9: wakenet9_v1h24_嗨，乐鑫_3_0.608_0.615, tigger:v4, mode:4, p:0, (May 25 2026 15:51:00)
[0;32mI (1058) AFE: AFE Version: (2MIC_V251128)[0m
[0;32mI (1058) AFE: Input PCM Config: total 4 channels(3 microphone, 1 playback), sample rate:16000[0m
[0;32mI (1068) AFE: AFE Pipeline: [input] -> |AEC(SR_HIGH_PERF, NLP_OFF)| -> |VAD(WebRTC)| -> |WakeNet(wn9_hilexin,)| -> [output][0m
[0;32mI (1078) AFE: AFE VAD initialized successfully[0m
[0;32mI (1088) VAD_DEMO: audio_feed_task started[0m
[0;32mI (1088) VAD_DEMO: afe_fetch_task started[0m
[0;32mI (1088) VAD_DEMO: Say something to trigger VAD_SPEECH ...[0m
[0;32mI (1108) main_task: Returned from app_main()[0m
[0;32mI (1268) VAD_DEMO: VAD state changed: SPEECH START[0m
ESP-ROM:esp32s3-20210327
Build:Mar 27 2021
rst:0x1 (POWERON),boot:0x2b (SPI_FAST_FLASH_BOOT)
SPIWP:0xee
mode:DIO, clock div:1
load:0x3fce2820,len:0x14f0
load:0x403c8700,len:0xd24
load:0x403cb700,len:0x2ef0
entry 0x403c8924
[0;32mI (24) boot: ESP-IDF v5.5.4 2nd stage bootloader[0m
[0;32mI (25) boot: compile time Jul  6 2026 16:12:16[0m
[0;32mI (25) boot: Multicore bootloader[0m
[0;32mI (25) boot: chip revision: v0.1[0m
[0;32mI (28) boot: efuse block revision: v1.2[0m
[0;32mI (31) boot.esp32s3: Boot SPI Speed : 80MHz[0m
[0;32mI (35) boot.esp32s3: SPI Mode       : DIO[0m
[0;32mI (39) boot.esp32s3: SPI Flash Size : 16MB[0m
[0;32mI (43) boot: Enabling RNG early entropy source...[0m
[0;32mI (47) boot: Partition Table:[0m
[0;32mI (50) boot: ## Label            Usage          Type ST Offset   Length[0m
[0;32mI (56) boot:  0 nvs              WiFi data        01 02 00009000 00006000[0m
[0;32mI (63) boot:  1 phy_init         RF data          01 01 0000f000 00001000[0m
[0;32mI (69) boot:  2 factory          factory app      00 00 00010000 00400000[0m
[0;32mI (76) boot:  3 model            Unknown data     01 82 00410000 00800000[0m
[0;32mI (82) boot: End of partition table[0m
[0;32mI (86) esp_image: segment 0: paddr=00010020 vaddr=3c080020 size=16324h ( 90916) map[0m
[0;32mI (109) esp_image: segment 1: paddr=0002634c vaddr=3fc95c00 size=057f0h ( 22512) load[0m
[0;32mI (114) esp_image: segment 2: paddr=0002bb44 vaddr=40374000 size=044d4h ( 17620) load[0m
[0;32mI (118) esp_image: segment 3: paddr=00030020 vaddr=42000020 size=774fch (488700) map[0m
[0;32mI (207) esp_image: segment 4: paddr=000a7524 vaddr=403784d4 size=0d6a8h ( 54952) load[0m
[0;32mI (219) esp_image: segment 5: paddr=000b4bd4 vaddr=50000000 size=00020h (    32) load[0m
[0;32mI (227) boot: Loaded app from partition at offset 0x10000[0m
[0;32mI (227) boot: Disabling RNG early entropy source...[0m
[0;32mI (237) octal_psram: vendor id    : 0x0d (AP)[0m
[0;32mI (237) octal_psram: dev id       : 0x02 (generation 3)[0m
[0;32mI (237) octal_psram: density      : 0x03 (64 Mbit)[0m
[0;32mI (239) octal_psram: good-die     : 0x01 (Pass)[0m
[0;32mI (243) octal_psram: Latency      : 0x01 (Fixed)[0m
[0;32mI (248) octal_psram: VCC          : 0x01 (3V)[0m
[0;32mI (252) octal_psram: SRF          : 0x01 (Fast Refresh)[0m
[0;32mI (257) octal_psram: BurstType    : 0x01 (Hybrid Wrap)[0m
[0;32mI (262) octal_psram: BurstLen     : 0x01 (32 Byte)[0m
[0;32mI (266) octal_psram: Readlatency  : 0x02 (10 cycles@Fixed)[0m
[0;32mI (271) octal_psram: DriveStrength: 0x00 (1/1)[0m
[0;32mI (275) MSPI Timing: Enter psram timing tuning[0m
[0;32mI (280) esp_psram: Found 8MB PSRAM device[0m
[0;32mI (283) esp_psram: Speed: 80MHz[0m
[0;32mI (286) cpu_start: Multicore app[0m
[0;32mI (722) esp_psram: SPI SRAM memory test OK[0m
[0;32mI (731) cpu_start: GPIO 44 and 43 are used as console UART I/O pins[0m
[0;32mI (732) cpu_start: Pro cpu start user code[0m
[0;32mI (732) cpu_start: cpu freq: 160000000 Hz[0m
[0;32mI (733) app_init: Application information:[0m
[0;32mI (737) app_init: Project name:     Ai_voice_project[0m
[0;32mI (742) app_init: App version:      1[0m
[0;32mI (745) app_init: Compile time:     Jul  6 2026 16:11:21[0m
[0;32mI (750) app_init: ELF file SHA256:  5bcda4f4f...[0m
[0;32mI (754) app_init: ESP-IDF:          v5.5.4[0m
[0;32mI (758) efuse_init: Min chip rev:     v0.0[0m
[0;32mI (762) efuse_init: Max chip rev:     v0.99 [0m
[0;32mI (766) efuse_init: Chip rev:         v0.1[0m
[0;32mI (770) heap_init: Initializing. RAM available for dynamic allocation:[0m
[0;32mI (776) heap_init: At 3FC9BF60 len 0004D7B0 (309 KiB): RAM[0m
[0;32mI (781) heap_init: At 3FCE9710 len 00005724 (21 KiB): RAM[0m
[0;32mI (786) heap_init: At 3FCF0000 len 00008000 (32 KiB): DRAM[0m
[0;32mI (792) heap_init: At 600FE000 len 00001FE8 (7 KiB): RTCRAM[0m
[0;32mI (797) esp_psram: Adding pool of 8192K of PSRAM memory to heap allocator[0m
[0;32mI (804) spi_flash: detected chip: gd[0m
[0;32mI (807) spi_flash: flash io: dio[0m
[0;32mI (810) sleep_gpio: Configure to isolate all GPIO pins in sleep state[0m
[0;32mI (816) sleep_gpio: Enable automatic switching of GPIO sleep configuration[0m
[0;32mI (823) main_task: Started on CPU0[0m
[0;32mI (853) esp_psram: Reserving pool of 32K of internal memory for DMA/internal allocations[0m
[0;32mI (853) main_task: Calling app_main()[0m
[0;32mI (853) VAD_DEMO: === ESP32-S3-Korvo-1 v4.0 VAD Demo (BSP + ESP-ADF/ESP-SR) ===[0m
[0;32mI (863) VAD_DEMO: Init BSP I2C ...[0m
[0;33mW (863) i2c.master: Please check pull-up resistances whether be connected properly. Otherwise unexpected behavior would happen. For more detailed information, please read docs[0m
[0;32mI (883) VAD_DEMO: Init BSP microphone (ES7210) ...[0m
[0;32mI (883) I2S_IF: Auto get out handle 0x0 from in handle 0x3c0a0fe0 when duplex mode[0m
[0;32mI (893) ES7210: Work in Slave mode[0m
[0;32mI (903) ES7210: Enable ES7210_INPUT_MIC1[0m
[0;32mI (903) ES7210: Enable ES7210_INPUT_MIC2[0m
[0;32mI (913) I2S_IF: No paired data, current mode: record[0m
[0;32mI (913) I2S_IF: TDM: RX, data_bit: 16, slot_bit: 16, ws_width: 32, total_slot: 4, slot_mask: 0xf[0m
[0;32mI (913) I2S_IF: TDM: RX, sample_rate_hz: 16000, mclk_multiple: 256, clk_src: 6[0m
[0;32mI (923) ES7210: Bits 16[0m
[0;32mI (933) ES7210: Enable ES7210_INPUT_MIC1[0m
[1;31mE (943) i2c.master: I2C transaction timeout detected[0m
[1;31mE (943) I2C_If: Fail to read from dev 80[0m
[0;32mI (943) ES7210: Enable ES7210_INPUT_MIC2[0m
[0;32mI (953) ES7210: Unmuted[0m
[0;32mI (953) Adev_Codec: Open codec device OK[0m
[0;32mI (953) VAD_DEMO: Mic init OK: 16000Hz 4ch 16bit[0m
[0;32mI (953) MODEL_LOADER: The storage free size is 23936 KB[0m
[0;32mI (953) MODEL_LOADER: The partition size is 8192 KB[0m
[0;32mI (963) MODEL_LOADER: Successfully load srmodels[0m
[0;32mI (963) AFE_CONFIG: Set WakeNet Model: wn9_hilexin[0m
MC Quantized wakenet9: wakenet9_v1h24_嗨，乐鑫_3_0.608_0.615, tigger:v4, mode:4, p:0, (May 25 2026 15:51:00)
[0;32mI (1063) AFE: AFE Version: (2MIC_V251128)[0m
[0;32mI (1063) AFE: Input PCM Config: total 4 channels(3 microphone, 1 playback), sample rate:16000[0m
[0;32mI (1073) AFE: AFE Pipeline: [input] -> |AEC(SR_HIGH_PERF, NLP_OFF)| -> |VAD(WebRTC)| -> |WakeNet(wn9_hilexin,)| -> [output][0m
[0;32mI (1083) AFE: AFE VAD initialized successfully[0m
[0;32mI (1093) VAD_DEMO: audio_feed_task started[0m
[0;32mI (1093) VAD_DEMO: Say something to trigger VAD_SPEECH ...[0m
[0;32mI (1093) main_task: Returned from app_main()[0m
[0;32mI (1093) VAD_DEMO: afe_fetch_task started[0m
[0;32mI (1273) VAD_DEMO: VAD state changed: SPEECH START[0m
ESP-ROM:esp32s3-20210327
Build:Mar 27 2021
rst:0x1 (POWERON),boot:0x2b (SPI_FAST_FLASH_BOOT)
SPIWP:0xee
mode:DIO, clock div:1
load:0x3fce2820,len:0x14f0
load:0x403c8700,len:0xd24
load:0x403cb700,len:0x2ef0
entry 0x403c8924
[0;32mI (24) boot: ESP-IDF v5.5.4 2nd stage bootloader[0m
[0;32mI (25) boot: compile time Jul  6 2026 16:12:16[0m
[0;32mI (25) boot: Multicore bootloader[0m
[0;32mI (25) boot: chip revision: v0.1[0m
[0;32mI (28) boot: efuse block revision: v1.2[0m
[0;32mI (31) boot.esp32s3: Boot SPI Speed : 80MHz[0m
[0;32mI (35) boot.esp32s3: SPI Mode       : DIO[0m
[0;32mI (39) boot.esp32s3: SPI Flash Size : 16MB[0m
[0;32mI (43) boot: Enabling RNG early entropy source...[0m
[0;32mI (47) boot: Partition Table:[0m
[0;32mI (50) boot: ## Label            Usage          Type ST Offset   Length[0m
[0;32mI (56) boot:  0 nvs              WiFi data        01 02 00009000 00006000[0m
[0;32mI (63) boot:  1 phy_init         RF data          01 01 0000f000 00001000[0m
[0;32mI (69) boot:  2 factory          factory app      00 00 00010000 00400000[0m
[0;32mI (76) boot:  3 model            Unknown data     01 82 00410000 00800000[0m
[0;32mI (82) boot: End of partition table[0m
[0;32mI (86) esp_image: segment 0: paddr=00010020 vaddr=3c080020 size=16324h ( 90916) map[0m
[0;32mI (109) esp_image: segment 1: paddr=0002634c vaddr=3fc95c00 size=057f0h ( 22512) load[0m
[0;32mI (114) esp_image: segment 2: paddr=0002bb44 vaddr=40374000 size=044d4h ( 17620) load[0m
[0;32mI (118) esp_image: segment 3: paddr=00030020 vaddr=42000020 size=774fch (488700) map[0m
[0;32mI (207) esp_image: segment 4: paddr=000a7524 vaddr=403784d4 size=0d6a8h ( 54952) load[0m
[0;32mI (219) esp_image: segment 5: paddr=000b4bd4 vaddr=50000000 size=00020h (    32) load[0m
[0;32mI (227) boot: Loaded app from partition at offset 0x10000[0m
[0;32mI (227) boot: Disabling RNG early entropy source...[0m
[0;32mI (237) octal_psram: vendor id    : 0x0d (AP)[0m
[0;32mI (237) octal_psram: dev id       : 0x02 (generation 3)[0m
[0;32mI (237) octal_psram: density      : 0x03 (64 Mbit)[0m
[0;32mI (239) octal_psram: good-die     : 0x01 (Pass)[0m
[0;32mI (243) octal_psram: Latency      : 0x01 (Fixed)[0m
[0;32mI (248) octal_psram: VCC          : 0x01 (3V)[0m
[0;32mI (252) octal_psram: SRF          : 0x01 (Fast Refresh)[0m
[0;32mI (257) octal_psram: BurstType    : 0x01 (Hybrid Wrap)[0m
[0;32mI (262) octal_psram: BurstLen     : 0x01 (32 Byte)[0m
[0;32mI (266) octal_psram: Readlatency  : 0x02 (10 cycles@Fixed)[0m
[0;32mI (271) octal_psram: DriveStrength: 0x00 (1/1)[0m
[0;32mI (275) MSPI Timing: Enter psram timing tuning[0m
[0;32mI (280) esp_psram: Found 8MB PSRAM device[0m
[0;32mI (283) esp_psram: Speed: 80MHz[0m
[0;32mI (286) cpu_start: Multicore app[0m
[0;32mI (722) esp_psram: SPI SRAM memory test OK[0m
[0;32mI (731) cpu_start: GPIO 44 and 43 are used as console UART I/O pins[0m
[0;32mI (732) cpu_start: Pro cpu start user code[0m
[0;32mI (732) cpu_start: cpu freq: 160000000 Hz[0m
[0;32mI (733) app_init: Application information:[0m
[0;32mI (737) app_init: Project name:     Ai_voice_project[0m
[0;32mI (742) app_init: App version:      1[0m
[0;32mI (745) app_init: Compile time:     Jul  6 2026 16:11:21[0m
[0;32mI (750) app_init: ELF file SHA256:  5bcda4f4f...[0m
[0;32mI (754) app_init: ESP-IDF:          v5.5.4[0m
[0;32mI (758) efuse_init: Min chip rev:     v0.0[0m
[0;32mI (762) efuse_init: Max chip rev:     v0.99 [0m
[0;32mI (766) efuse_init: Chip rev:         v0.1[0m
[0;32mI (770) heap_init: Initializing. RAM available for dynamic allocation:[0m
[0;32mI (776) heap_init: At 3FC9BF60 len 0004D7B0 (309 KiB): RAM[0m
[0;32mI (781) heap_init: At 3FCE9710 len 00005724 (21 KiB): RAM[0m
[0;32mI (786) heap_init: At 3FCF0000 len 00008000 (32 KiB): DRAM[0m
[0;32mI (792) heap_init: At 600FE000 len 00001FE8 (7 KiB): RTCRAM[0m
[0;32mI (797) esp_psram: Adding pool of 8192K of PSRAM memory to heap allocator[0m
[0;32mI (804) spi_flash: detected chip: gd[0m
[0;32mI (807) spi_flash: flash io: dio[0m
[0;32mI (810) sleep_gpio: Configure to isolate all GPIO pins in sleep state[0m
[0;32mI (816) sleep_gpio: Enable automatic switching of GPIO sleep configuration[0m
[0;32mI (823) main_task: Started on CPU0[0m
[0;32mI (853) esp_psram: Reserving pool of 32K of internal memory for DMA/internal allocations[0m
[0;32mI (853) main_task: Calling app_main()[0m
[0;32mI (853) VAD_DEMO: === ESP32-S3-Korvo-1 v4.0 VAD Demo (BSP + ESP-ADF/ESP-SR) ===[0m
[0;32mI (863) VAD_DEMO: Init BSP I2C ...[0m
[0;33mW (863) i2c.master: Please check pull-up resistances whether be connected properly. Otherwise unexpected behavior would happen. For more detailed information, please read docs[0m
[0;32mI (883) VAD_DEMO: Init BSP microphone (ES7210) ...[0m
[0;32mI (883) I2S_IF: Auto get out handle 0x0 from in handle 0x3c0a0fe0 when duplex mode[0m
[0;32mI (893) ES7210: Work in Slave mode[0m
[1;31mE (903) I2C_If: Fail to read from dev 80[0m
[0;32mI (903) ES7210: Enable ES7210_INPUT_MIC1[0m
[0;32mI (903) ES7210: Enable ES7210_INPUT_MIC2[0m
[0;32mI (913) I2S_IF: No paired data, current mode: record[0m
[0;32mI (913) I2S_IF: TDM: RX, data_bit: 16, slot_bit: 16, ws_width: 32, total_slot: 4, slot_mask: 0xf[0m
[0;32mI (913) I2S_IF: TDM: RX, sample_rate_hz: 16000, mclk_multiple: 256, clk_src: 6[0m
[0;32mI (923) ES7210: Bits 16[0m
[0;32mI (933) ES7210: Enable ES7210_INPUT_MIC1[0m
[0;32mI (933) ES7210: Enable ES7210_INPUT_MIC2[0m
[0;32mI (943) ES7210: Unmuted[0m
[0;32mI (943) Adev_Codec: Open codec device OK[0m
[0;32mI (943) VAD_DEMO: Mic init OK: 16000Hz 4ch 16bit[0m
[0;32mI (953) MODEL_LOADER: The storage free size is 23936 KB[0m
[0;32mI (953) MODEL_LOADER: The partition size is 8192 KB[0m
[0;32mI (953) MODEL_LOADER: Successfully load srmodels[0m
[0;32mI (963) AFE_CONFIG: Set WakeNet Model: wn9_hilexin[0m
MC Quantized wakenet9: wakenet9_v1h24_嗨，乐鑫_3_0.608_0.615, tigger:v4, mode:4, p:0, (May 25 2026 15:51:00)
[0;32mI (1063) AFE: AFE Version: (2MIC_V251128)[0m
[0;32mI (1063) AFE: Input PCM Config: total 4 channels(3 microphone, 1 playback), sample rate:16000[0m
[0;32mI (1073) AFE: AFE Pipeline: [input] -> |AEC(SR_HIGH_PERF, NLP_OFF)| -> |VAD(WebRTC)| -> |WakeNet(wn9_hilexin,)| -> [output][0m
[0;32mI (1083) AFE: AFE VAD initialized successfully[0m
[0;32mI (1083) VAD_DEMO: audio_feed_task started[0m
[0;32mI (1083) VAD_DEMO: Say something to trigger VAD_SPEECH ...[0m
[0;32mI (1093) main_task: Returned from app_main()[0m
[0;32mI (1093) VAD_DEMO: afe_fetch_task started[0m
[0;32mI (1263) VAD_DEMO: VAD state changed: SPEECH START[0m
ESP-ROM:esp32s3-20210327
Build:Mar 27 2021
rst:0x1 (POWERON),boot:0x2b (SPI_FAST_FLASH_BOOT)
SPIWP:0xee
mode:DIO, clock div:1
load:0x3fce2820,len:0x14f0
load:0x403c8700,len:0xd24
load:0x403cb700,len:0x2ef0
entry 0x403c8924
[0;32mI (24) boot: ESP-IDF v5.5.4 2nd stage bootloader[0m
[0;32mI (25) boot: compile time Jul  6 2026 16:12:16[0m
[0;32mI (25) boot: Multicore bootloader[0m
[0;32mI (25) boot: chip revision: v0.1[0m
[0;32mI (28) boot: efuse block revision: v1.2[0m
[0;32mI (31) boot.esp32s3: Boot SPI Speed : 80MHz[0m
[0;32mI (35) boot.esp32s3: SPI Mode       : DIO[0m
[0;32mI (39) boot.esp32s3: SPI Flash Size : 16MB[0m
[0;32mI (43) boot: Enabling RNG early entropy source...[0m
[0;32mI (47) boot: Partition Table:[0m
[0;32mI (50) boot: ## Label            Usage          Type ST Offset   Length[0m
[0;32mI (56) boot:  0 nvs              WiFi data        01 02 00009000 00006000[0m
[0;32mI (63) boot:  1 phy_init         RF data          01 01 0000f000 00001000[0m
[0;32mI (69) boot:  2 factory          factory app      00 00 00010000 00400000[0m
[0;32mI (76) boot:  3 model            Unknown data     01 82 00410000 00800000[0m
[0;32mI (82) boot: End of partition table[0m
[0;32mI (86) esp_image: segment 0: paddr=00010020 vaddr=3c080020 size=16324h ( 90916) map[0m
[0;32mI (109) esp_image: segment 1: paddr=0002634c vaddr=3fc95c00 size=057f0h ( 22512) load[0m
[0;32mI (114) esp_image: segment 2: paddr=0002bb44 vaddr=40374000 size=044d4h ( 17620) load[0m
[0;32mI (118) esp_image: segment 3: paddr=00030020 vaddr=42000020 size=774fch (488700) map[0m
[0;32mI (207) esp_image: segment 4: paddr=000a7524 vaddr=403784d4 size=0d6a8h ( 54952) load[0m
[0;32mI (219) esp_image: segment 5: paddr=000b4bd4 vaddr=50000000 size=00020h (    32) load[0m
[0;32mI (227) boot: Loaded app from partition at offset 0x10000[0m
[0;32mI (227) boot: Disabling RNG early entropy source...[0m
[0;32mI (237) octal_psram: vendor id    : 0x0d (AP)[0m
[0;32mI (237) octal_psram: dev id       : 0x02 (generation 3)[0m
[0;32mI (237) octal_psram: density      : 0x03 (64 Mbit)[0m
[0;32mI (239) octal_psram: good-die     : 0x01 (Pass)[0m
[0;32mI (243) octal_psram: Latency      : 0x01 (Fixed)[0m
[0;32mI (248) octal_psram: VCC          : 0x01 (3V)[0m
[0;32mI (252) octal_psram: SRF          : 0x01 (Fast Refresh)[0m
[0;32mI (257) octal_psram: BurstType    : 0x01 (Hybrid Wrap)[0m
[0;32mI (262) octal_psram: BurstLen     : 0x01 (32 Byte)[0m
[0;32mI (266) octal_psram: Readlatency  : 0x02 (10 cycles@Fixed)[0m
[0;32mI (271) octal_psram: DriveStrength: 0x00 (1/1)[0m
[0;32mI (275) MSPI Timing: Enter psram timing tuning[0m
[0;32mI (280) esp_psram: Found 8MB PSRAM device[0m
[0;32mI (283) esp_psram: Speed: 80MHz[0m
[0;32mI (286) cpu_start: Multicore app[0m
[0;32mI (722) esp_psram: SPI SRAM memory test OK[0m
[0;32mI (731) cpu_start: GPIO 44 and 43 are used as console UART I/O pins[0m
[0;32mI (732) cpu_start: Pro cpu start user code[0m
[0;32mI (732) cpu_start: cpu freq: 160000000 Hz[0m
[0;32mI (733) app_init: Application information:[0m
[0;32mI (737) app_init: Project name:     Ai_voice_project[0m
[0;32mI (742) app_init: App version:      1[0m
[0;32mI (745) app_init: Compile time:     Jul  6 2026 16:11:21[0m
[0;32mI (750) app_init: ELF file SHA256:  5bcda4f4f...[0m
[0;32mI (754) app_init: ESP-IDF:          v5.5.4[0m
[0;32mI (758) efuse_init: Min chip rev:     v0.0[0m
[0;32mI (762) efuse_init: Max chip rev:     v0.99 [0m
[0;32mI (766) efuse_init: Chip rev:         v0.1[0m
[0;32mI (770) heap_init: Initializing. RAM available for dynamic allocation:[0m
[0;32mI (776) heap_init: At 3FC9BF60 len 0004D7B0 (309 KiB): RAM[0m
[0;32mI (781) heap_init: At 3FCE9710 len 00005724 (21 KiB): RAM[0m
[0;32mI (786) heap_init: At 3FCF0000 len 00008000 (32 KiB): DRAM[0m
[0;32mI (792) heap_init: At 600FE000 len 00001FE8 (7 KiB): RTCRAM[0m
[0;32mI (797) esp_psram: Adding pool of 8192K of PSRAM memory to heap allocator[0m
[0;32mI (804) spi_flash: detected chip: gd[0m
[0;32mI (807) spi_flash: flash io: dio[0m
[0;32mI (810) sleep_gpio: Configure to isolate all GPIO pins in sleep state[0m
[0;32mI (816) sleep_gpio: Enable automatic switching of GPIO sleep configuration[0m
[0;32mI (823) main_task: Started on CPU0[0m
[0;32mI (853) esp_psram: Reserving pool of 32K of internal memory for DMA/internal allocations[0m
[0;32mI (853) main_task: Calling app_main()[0m
[0;32mI (853) VAD_DEMO: === ESP32-S3-Korvo-1 v4.0 VAD Demo (BSP + ESP-ADF/ESP-SR) ===[0m
[0;32mI (863) VAD_DEMO: Init BSP I2C ...[0m
[0;33mW (863) i2c.master: Please check pull-up resistances whether be connected properly. Otherwise unexpected behavior would happen. For more detailed information, please read docs[0m
[0;32mI (883) VAD_DEMO: Init BSP microphone (ES7210) ...[0m
[0;32mI (883) I2S_IF: Auto get out handle 0x0 from in handle 0x3c0a0fe0 when duplex mode[0m
[0;32mI (893) ES7210: Work in Slave mode[0m
[0;32mI (903) ES7210: Enable ES7210_INPUT_MIC1[0m
[0;32mI (903) ES7210: Enable ES7210_INPUT_MIC2[0m
[0;32mI (913) I2S_IF: No paired data, current mode: record[0m
[0;32mI (913) I2S_IF: TDM: RX, data_bit: 16, slot_bit: 16, ws_width: 32, total_slot: 4, slot_mask: 0xf[0m
[0;32mI (913) I2S_IF: TDM: RX, sample_rate_hz: 16000, mclk_multiple: 256, clk_src: 6[0m
[0;32mI (923) ES7210: Bits 16[0m
[0;32mI (933) ES7210: Enable ES7210_INPUT_MIC1[0m
[0;32mI (933) ES7210: Enable ES7210_INPUT_MIC2[0m
[1;31mE (943) i2c.master: I2C transaction timeout detected[0m
[1;31mE (943) I2C_If: Fail to write to dev 80[0m
[1;31mE (943) Adev_Codec: Fail to enable codec[0m
[1;31mE (943) VAD_DEMO: mic_init(61): codec open fail[0m
ESP_ERROR_CHECK failed: esp_err_t 0xffffffff (ESP_FAIL) at 0x4200b146
file: "./main/Ai_voice_project.c" line 208
func: app_main
expression: mic_init()

abort() was called at PC 0x4037c01b on core 0


Backtrace: 0x4037c05d:0x3fc9f850 0x4037c025:0x3fc9f870 0x40383361:0x3fc9f890 0x4037c01b:0x3fc9f900 0x4200b146:0x3fc9f930 0x420767f4:0x3fc9f960 0x4037cd81:0x3fc9f990




ELF file SHA256: 5bcda4f4f

Rebooting...
���ESP-ROM:esp32s3-20210327
Build:Mar 27 2021
rst:0xc (RTC_SW_CPU_RST),boot:0x2b (SPI_FAST_FLASH_BOOT)
Saved PC:0x4037c1fd
SPIWP:0xee
mode:DIO, clock div:1
load:0x3fce2820,len:0x14f0
load:0x403c8700,len:0xd24
load:0x403cb700,len:0x2ef0
entry 0x403c8924
[0;32mI (29) boot: ESP-IDF v5.5.4 2nd stage bootloader[0m
[0;32mI (29) boot: compile time Jul  6 2026 16:12:16[0m
[0;32mI (29) boot: Multicore bootloader[0m
[0;32mI (29) boot: chip revision: v0.1[0m
[0;32mI (32) boot: efuse block revision: v1.2[0m
[0;32mI (36) boot.esp32s3: Boot SPI Speed : 80MHz[0m
[0;32mI (40) boot.esp32s3: SPI Mode       : DIO[0m
[0;32mI (43) boot.esp32s3: SPI Flash Size : 16MB[0m
[0;32mI (47) boot: Enabling RNG early entropy source...[0m
[0;32mI (52) boot: Partition Table:[0m
[0;32mI (54) boot: ## Label            Usage          Type ST Offset   Length[0m
[0;32mI (61) boot:  0 nvs              WiFi data        01 02 00009000 00006000[0m
[0;32mI (67) boot:  1 phy_init         RF data          01 01 0000f000 00001000[0m
[0;32mI (74) boot:  2 factory          factory app      00 00 00010000 00400000[0m
[0;32mI (80) boot:  3 model            Unknown data     01 82 00410000 00800000[0m
[0;32mI (87) boot: End of partition table[0m
[0;32mI (90) esp_image: segment 0: paddr=00010020 vaddr=3c080020 size=16324h ( 90916) map[0m
[0;32mI (113) esp_image: segment 1: paddr=0002634c vaddr=3fc95c00 size=057f0h ( 22512) load[0m
[0;32mI (118) esp_image: segment 2: paddr=0002bb44 vaddr=40374000 size=044d4h ( 17620) load[0m
[0;32mI (123) esp_image: segment 3: paddr=00030020 vaddr=42000020 size=774fch (488700) map[0m
[0;32mI (211) esp_image: segment 4: paddr=000a7524 vaddr=403784d4 size=0d6a8h ( 54952) load[0m
[0;32mI (223) esp_image: segment 5: paddr=000b4bd4 vaddr=50000000 size=00020h (    32) load[0m
[0;32mI (231) boot: Loaded app from partition at offset 0x10000[0m
[0;32mI (231) boot: Disabling RNG early entropy source...[0m
[0;32mI (241) octal_psram: vendor id    : 0x0d (AP)[0m
[0;32mI (241) octal_psram: dev id       : 0x02 (generation 3)[0m
[0;32mI (241) octal_psram: density      : 0x03 (64 Mbit)[0m
[0;32mI (244) octal_psram: good-die     : 0x01 (Pass)[0m
[0;32mI (248) octal_psram: Latency      : 0x01 (Fixed)[0m
[0;32mI (252) octal_psram: VCC          : 0x01 (3V)[0m
[0;32mI (256) octal_psram: SRF          : 0x01 (Fast Refresh)[0m
[0;32mI (261) octal_psram: BurstType    : 0x01 (Hybrid Wrap)[0m
[0;32mI (266) octal_psram: BurstLen     : 0x01 (32 Byte)[0m
[0;32mI (270) octal_psram: Readlatency  : 0x02 (10 cycles@Fixed)[0m
[0;32mI (276) octal_psram: DriveStrength: 0x00 (1/1)[0m
[0;32mI (280) MSPI Timing: Enter psram timing tuning[0m
[0;32mI (285) esp_psram: Found 8MB PSRAM device[0m
[0;32mI (288) esp_psram: Speed: 80MHz[0m
[0;32mI (291) cpu_start: Multicore app[0m
[0;32mI (726) esp_psram: SPI SRAM memory test OK[0m
[0;32mI (735) cpu_start: GPIO 44 and 43 are used as console UART I/O pins[0m
[0;32mI (736) cpu_start: Pro cpu start user code[0m
[0;32mI (736) cpu_start: cpu freq: 160000000 Hz[0m
[0;32mI (738) app_init: Application information:[0m
[0;32mI (741) app_init: Project name:     Ai_voice_project[0m
[0;32mI (746) app_init: App version:      1[0m
[0;32mI (749) app_init: Compile time:     Jul  6 2026 16:11:21[0m
[0;32mI (754) app_init: ELF file SHA256:  5bcda4f4f...[0m
[0;32mI (759) app_init: ESP-IDF:          v5.5.4[0m
[0;32mI (763) efuse_init: Min chip rev:     v0.0[0m
[0;32mI (766) efuse_init: Max chip rev:     v0.99 [0m
[0;32mI (770) efuse_init: Chip rev:         v0.1[0m
[0;32mI (774) heap_init: Initializing. RAM available for dynamic allocation:[0m
[0;32mI (781) heap_init: At 3FC9BF60 len 0004D7B0 (309 KiB): RAM[0m
[0;32mI (786) heap_init: At 3FCE9710 len 00005724 (21 KiB): RAM[0m
[0;32mI (791) heap_init: At 3FCF0000 len 00008000 (32 KiB): DRAM[0m
[0;32mI (796) heap_init: At 600FE000 len 00001FE8 (7 KiB): RTCRAM[0m
[0;32mI (802) esp_psram: Adding pool of 8192K of PSRAM memory to heap allocator[0m
[0;32mI (809) spi_flash: detected chip: gd[0m
[0;32mI (811) spi_flash: flash io: dio[0m
[0;32mI (815) sleep_gpio: Configure to isolate all GPIO pins in sleep state[0m
[0;32mI (821) sleep_gpio: Enable automatic switching of GPIO sleep configuration[0m
[0;32mI (828) main_task: Started on CPU0[0m
[0;32mI (858) esp_psram: Reserving pool of 32K of internal memory for DMA/internal allocations[0m
[0;32mI (858) main_task: Calling app_main()[0m
[0;32mI (858) VAD_DEMO: === ESP32-S3-Korvo-1 v4.0 VAD Demo (BSP + ESP-ADF/ESP-SR) ===[0m
[0;32mI (868) VAD_DEMO: Init BSP I2C ...[0m
[0;33mW (868) i2c.master: Please check pull-up resistances whether be connected properly. Otherwise unexpected behavior would happen. For more detailed information, please read docs[0m
[0;32mI (888) VAD_DEMO: Init BSP microphone (ES7210) ...[0m
[0;32mI (888) I2S_IF: Auto get out handle 0x0 from in handle 0x3c0a0fe0 when duplex mode[0m
[0;32mI (898) ES7210: Work in Slave mode[0m
[1;31mE (908) i2c.master: I2C transaction timeout detected[0m
[1;31mE (908) I2C_If: Fail to write to dev 80[0m
[0;32mI (918) ES7210: Enable ES7210_INPUT_MIC1[0m
[0;32mI (918) ES7210: Enable ES7210_INPUT_MIC2[0m
[1;31mE (918) I2C_If: Fail to read from dev 80[0m
[1;31mE (928) ES7210: Open fail[0m

assert failed: bsp_audio_codec_microphone_init esp32_s3_korvo_1.c:147 (es7210_dev)


Backtrace: 0x4037c05d:0x3fc9f740 0x4037c025:0x3fc9f760 0x40383479:0x3fc9f780 0x42052575:0x3fc9f8a0 0x4200af75:0x3fc9f8f0 0x4200b132:0x3fc9f930 0x420767f4:0x3fc9f960 0x4037cd81:0x3fc9f990




ELF file SHA256: 5bcda4f4f

Rebooting...
ESP-ROM:esp32s3-20210327
Build:Mar 27 2021
rst:0xc (RTC_SW_CPU_RST),boot:0x2b (SPI_FAST_FLASH_BOOT)
Saved PC:0x4037c1fd
SPIWP:0xee
mode:DIO, clock div:1
load:0x3fce2820,len:0x14f0
load:0x403c8700,len:0xd24
load:0x403cb700,len:0x2ef0
entry 0x403c8924
[0;32mI (29) boot: ESP-IDF v5.5.4 2nd stage bootloader[0m
[0;32mI (29) boot: compile time Jul  6 2026 16:12:16[0m
[0;32mI (29) boot: Multicore bootloader[0m
[0;32mI (29) boot: chip revision: v0.1[0m
[0;32mI (32) boot: efuse block revision: v1.2[0m
[0;32mI (36) boot.esp32s3: Boot SPI Speed : 80MHz[0m
[0;32mI (40) boot.esp32s3: SPI Mode       : DIO[0m
[0;32mI (43) boot.esp32s3: SPI Flash Size : 16MB[0m
[0;32mI (47) boot: Enabling RNG early entropy source...[0m
[0;32mI (52) boot: Partition Table:[0m
[0;32mI (54) boot: ## Label            Usage          Type ST Offset   Length[0m
[0;32mI (61) boot:  0 nvs              WiFi data        01 02 00009000 00006000[0m
[0;32mI (67) boot:  1 phy_init         RF data          01 01 0000f000 00001000[0m
[0;32mI (74) boot:  2 factory          factory app      00 00 00010000 00400000[0m
[0;32mI (80) boot:  3 model            Unknown data     01 82 00410000 00800000[0m
[0;32mI (87) boot: End of partition table[0m
[0;32mI (90) esp_image: segment 0: paddr=00010020 vaddr=3c080020 size=16324h ( 90916) map[0m
[0;32mI (113) esp_image: segment 1: paddr=0002634c vaddr=3fc95c00 size=057f0h ( 22512) load[0m
[0;32mI (118) esp_image: segment 2: paddr=0002bb44 vaddr=40374000 size=044d4h ( 17620) load[0m
[0;32mI (123) esp_image: segment 3: paddr=00030020 vaddr=42000020 size=774fch (488700) map[0m
[0;32mI (211) esp_image: segment 4: paddr=000a7524 vaddr=403784d4 size=0d6a8h ( 54952) load[0m
[0;32mI (223) esp_image: segment 5: paddr=000b4bd4 vaddr=50000000 size=00020h (    32) load[0m
[0;32mI (231) boot: Loaded app from partition at offset 0x10000[0m
[0;32mI (231) boot: Disabling RNG early entropy source...[0m
[0;32mI (241) octal_psram: vendor id    : 0x0d (AP)[0m
[0;32mI (241) octal_psram: dev id       : 0x02 (generation 3)[0m
[0;32mI (241) octal_psram: density      : 0x03 (64 Mbit)[0m
[0;32mI (244) octal_psram: good-die     : 0x01 (Pass)[0m
[0;32mI (248) octal_psram: Latency      : 0x01 (Fixed)[0m
[0;32mI (252) octal_psram: VCC          : 0x01 (3V)[0m
[0;32mI (256) octal_psram: SRF          : 0x01 (Fast Refresh)[0m
[0;32mI (261) octal_psram: BurstType    : 0x01 (Hybrid Wrap)[0m
[0;32mI (266) octal_psram: BurstLen     : 0x01 (32 Byte)[0m
[0;32mI (270) octal_psram: Readlatency  : 0x02 (10 cycles@Fixed)[0m
[0;32mI (276) octal_psram: DriveStrength: 0x00 (1/1)[0m
[0;32mI (280) MSPI Timing: Enter psram timing tuning[0m
[0;32mI (285) esp_psram: Found 8MB PSRAM device[0m
[0;32mI (288) esp_psram: Speed: 80MHz[0m
[0;32mI (291) cpu_start: Multicore app[0m
[0;32mI (726) esp_psram: SPI SRAM memory test OK[0m
[0;32mI (735) cpu_start: GPIO 44 and 43 are used as console UART I/O pins[0m
[0;32mI (736) cpu_start: Pro cpu start user code[0m
[0;32mI (736) cpu_start: cpu freq: 160000000 Hz[0m
[0;32mI (738) app_init: Application information:[0m
[0;32mI (741) app_init: Project name:     Ai_voice_project[0m
[0;32mI (746) app_init: App version:      1[0m
[0;32mI (749) app_init: Compile time:     Jul  6 2026 16:11:21[0m
[0;32mI (754) app_init: ELF file SHA256:  5bcda4f4f...[0m
[0;32mI (759) app_init: ESP-IDF:          v5.5.4[0m
[0;32mI (763) efuse_init: Min chip rev:     v0.0[0m
[0;32mI (766) efuse_init: Max chip rev:     v0.99 [0m
[0;32mI (770) efuse_init: Chip rev:         v0.1[0m
[0;32mI (774) heap_init: Initializing. RAM available for dynamic allocation:[0m
[0;32mI (781) heap_init: At 3FC9BF60 len 0004D7B0 (309 KiB): RAM[0m
[0;32mI (786) heap_init: At 3FCE9710 len 00005724 (21 KiB): RAM[0m
[0;32mI (791) heap_init: At 3FCF0000 len 00008000 (32 KiB): DRAM[0m
[0;32mI (796) heap_init: At 600FE000 len 00001FE8 (7 KiB): RTCRAM[0m
[0;32mI (802) esp_psram: Adding pool of 8192K of PSRAM memory to heap allocator[0m
[0;32mI (809) spi_flash: detected chip: gd[0m
[0;32mI (811) spi_flash: flash io: dio[0m
[0;32mI (815) sleep_gpio: Configure to isolate all GPIO pins in sleep state[0m
[0;32mI (821) sleep_gpio: Enable automatic switching of GPIO sleep configuration[0m
[0;32mI (828) main_task: Started on CPU0[0m
[0;32mI (858) esp_psram: Reserving pool of 32K of internal memory for DMA/internal allocations[0m
[0;32mI (858) main_task: Calling app_main()[0m
[0;32mI (858) VAD_DEMO: === ESP32-S3-Korvo-1 v4.0 VAD Demo (BSP + ESP-ADF/ESP-SR) ===[0m
[0;32mI (868) VAD_DEMO: Init BSP I2C ...[0m
[0;33mW (868) i2c.master: Please check pull-up resistances whether be connected properly. Otherwise unexpected behavior would happen. For more detailed information, please read docs[0m
[0;32mI (888) VAD_DEMO: Init BSP microphone (ES7210) ...[0m
[0;32mI (888) I2S_IF: Auto get out handle 0x0 from in handle 0x3c0a0fe0 when duplex mode[0m
[0;32mI (898) ES7210: Work in Slave mode[0m
[0;32mI (908) ES7210: Enable ES7210_INPUT_MIC1[0m
[0;32mI (908) ES7210: Enable ES7210_INPUT_MIC2[0m
[0;32mI (918) I2S_IF: No paired data, current mode: record[0m
[0;32mI (918) I2S_IF: TDM: RX, data_bit: 16, slot_bit: 16, ws_width: 32, total_slot: 4, slot_mask: 0xf[0m
[0;32mI (918) I2S_IF: TDM: RX, sample_rate_hz: 16000, mclk_multiple: 256, clk_src: 6[0m
[0;32mI (928) ES7210: Bits 16[0m
[0;32mI (938) ES7210: Enable ES7210_INPUT_MIC1[0m
[0;32mI (938) ES7210: Enable ES7210_INPUT_MIC2[0m
[1;31mE (948) i2c.master: I2C transaction timeout detected[0m
[1;31mE (948) I2C_If: Fail to read from dev 80[0m
[0;32mI (958) ES7210: Unmuted[0m
[0;32mI (958) Adev_Codec: Open codec device OK[0m
[0;32mI (958) VAD_DEMO: Mic init OK: 16000Hz 4ch 16bit[0m
[0;32mI (958) MODEL_LOADER: The storage free size is 23936 KB[0m
[0;32mI (968) MODEL_LOADER: The partition size is 8192 KB[0m
[0;32mI (968) MODEL_LOADER: Successfully load srmodels[0m
[0;32mI (978) AFE_CONFIG: Set WakeNet Model: wn9_hilexin[0m
MC Quantized wakenet9: wakenet9_v1h24_嗨，乐鑫_3_0.608_0.615, tigger:v4, mode:4, p:0, (May 25 2026 15:51:00)
[0;32mI (1078) AFE: AFE Version: (2MIC_V251128)[0m
[0;32mI (1078) AFE: Input PCM Config: total 4 channels(3 microphone, 1 playback), sample rate:16000[0m
[0;32mI (1088) AFE: AFE Pipeline: [input] -> |AEC(SR_HIGH_PERF, NLP_OFF)| -> |VAD(WebRTC)| -> |WakeNet(wn9_hilexin,)| -> [output][0m
[0;32mI (1098) AFE: AFE VAD initialized successfully[0m
[0;32mI (1098) VAD_DEMO: audio_feed_task started[0m
[0;32mI (1098) VAD_DEMO: Say something to trigger VAD_SPEECH ...[0m
[0;32mI (1108) main_task: Returned from app_main()[0m
[0;32mI (1108) VAD_DEMO: afe_fetch_task started[0m
[0;32mI (1258) VAD_DEMO: VAD state changed: SPEECH START[0m
